阶段 0 —— 仪器标定（对照前置：不过就不跑全表）

  阳性 Ba-Ti-O   条目= 482  最高占比=100.0%  - Ba2 O13 Ti6 -
  阳性 Sr-Ti-O   条目= 296  最高占比=100.0%  - O3 Sr Ti -
  阳性 Li-Co-O   条目= 230  最高占比=100.0%  - Co0.94 Li1.03 O1.88 -
  阳性 Zn-Fe-O   条目= 729  最高占比=100.0%  - Fe2.02 O4 Zn0.978 -
  阳性 La-Al-O   条目= 134  最高占比=100.0%  - Al11.95 La0.9 O18.9 -
  阳性 Mg-Al-O   条目=2808  最高占比=100.0%  - Al2 Mg O4 -
  阳性 Ca-Ti-O   条目=1185  最高占比=100.0%  - Ca O3 Ti -
  阳性 Na-Nb-O   条目= 534  最高占比=100.0%  - Na Nb3 O8 -
  阳性 Li-Mn-O   条目= 634  最高占比=100.0%  - Li2 Mn O3 -
  阳性 Y-Al-O    条目= 145  最高占比=100.0%  - Al O3 Y -

  阴性 He-Ti-O   条目=   0  最高占比=0.0%
  阴性 Ne-Fe-O   条目=   0  最高占比=0.0%
  阴性 Ar-Al-O   条目=   1  最高占比=76.3%

阈值扫描（阳性须全部非空，阴性须全部为空）：
  θ=0.995  阳性通过 10/10　阴性误报 0　✔ 可用
  θ=0.99   阳性通过 10/10　阴性误报 0　✔ 可用
  θ=0.95   阳性通过 10/10　阴性误报 0　✔ 可用
  θ=0.9    阳性通过 10/10　阴性误报 0　✔ 可用
  θ=0.8    阳性通过 10/10　阴性误报 0　✔ 可用
  θ=0.7    阳性通过 10/10　阴性误报 1　✘

✔ 标定通过，采用最严可用阈值 θ=0.995

阶段 1 —— 全表：16 种阳离子 → 120 个三元氧化物系
  二元边：16 条按教科书事实假定非空，未查询（理由见源码注释）
  15/120
    ✗ Na,Ca,O 三次失败，最后一次原因：TimeoutError: The operation was aborted due to timeout
  30/120
  45/120
    ✗ Ca,Al,O 三次失败，最后一次原因：TimeoutError: The operation was aborted due to timeout
  60/120
  75/120
    ✗ Ti,Fe,O 三次失败，最后一次原因：TypeError: fetch failed | cause=UND_ERR_CONNECT_TIMEOUT
  90/120
    ✗ Fe,Al,O 三次失败，最后一次原因：TimeoutError: The operation was aborted due to timeout
  105/120
  120/120

三元氧化物系 120：已观测 90　| 边为空 0　| 无法判定 4　| ✦ 格子 26
查询成功 116　失败 4
  Li-Na-O    边=1/1  超集条目=567  最高占比=90.3%
  Li-Mg-O    边=1/1  超集条目=403  最高占比=91.7%
  Li-Ca-O    边=1/1  超集条目=307  最高占比=90.9%
  Li-Sr-O    边=1/1  超集条目=65  最高占比=90.9%
  Li-Ba-O    边=1/1  超集条目=98  最高占比=93.8%
  Na-Mg-O    边=1/1  超集条目=1475  最高占比=87.5%
  Na-Sr-O    边=1/1  超集条目=308  最高占比=90.9%
  Na-Ba-O    边=1/1  超集条目=380  最高占比=92.9%
  Mg-Ca-O    边=1/1  超集条目=1763  最高占比=90.9%
  Mg-Sr-O    边=1/1  超集条目=148  最高占比=90.9%
  Mg-Ba-O    边=1/1  超集条目=260  最高占比=90%
  Mg-Ni-O    边=1/1  超集条目=257  最高占比=89.7%
  Mg-Zn-O    边=1/1  超集条目=477  最高占比=94.7%
  Mg-Y-O     边=1/1  超集条目=40  最高占比=96.7%
  Ca-Sr-O    边=1/1  超集条目=612  最高占比=97.1%
  Ca-Ba-O    边=1/1  超集条目=503  最高占比=90%
  Ca-Ni-O    边=1/1  超集条目=82  最高占比=90.9%
  Ca-Zn-O    边=1/1  超集条目=270  最高占比=90.9%
  Ca-Y-O     边=1/1  超集条目=269  最高占比=95.2%
  Sr-Ba-O    边=1/1  超集条目=401  最高占比=90%

→ demo/gap-probe/result2.json
